====================================================
 AUDITORIA COMPLETA - BINÁRIO TECH
 Data: Sat Aug 15 01:58:25 AM UTC 2026
====================================================

[1] Consultando Telemetria Scania...
{
  "montadora": "Scania",
  "dados": [
    {
      "id": 1,
      "modelo": "R450",
      "vin": "9BS123456789",
      "temperatura_motor": 88,
      "status": "OK"
    },
    {
      "id": 2,
      "modelo": "S500",
      "vin": "9BS987654321",
      "temperatura_motor": 102,
      "status": "ALERTA_AQUECIMENTO"
    }
  ]
}

[2] Enviando Dado de Telemetria com Alerta de Temperatura (Scania)...
{
  "id": 3,
  "modelo": "R540",
  "vin": "9BS555444333",
  "temperatura_motor": 99,
  "status": "ALERTA_AQUECIMENTO"
}

[3] Consultando Telemetria Mercedes-Benz...
{
  "montadora": "Mercedes-Benz",
  "dados": [
    {
      "id": 1,
      "modelo": "Actros",
      "vin": "9BM111222333",
      "temperatura_motor": 90,
      "status": "OK"
    },
    {
      "id": 2,
      "modelo": "Atego",
      "vin": "9BM333222111",
      "temperatura_motor": 97,
      "status": "ALERTA_AQUECIMENTO"
    }
  ]
}

[4] Testando Endpoint Inexistente (Volvo)...
{
  "erro": "Módulo ou Rota de Telemetria não encontrada."
}

Auditoria concluída.
